// Jest Snapshot v1, https://goo.gl/fbAQLP

exports[`<CloseButton /> renders <CloseButton /> 1`] = `
<button
  class="button-sc-16cxp6v-0 styles-w4qo46-0 eYCEva fZzkFu"
  data-testid="close-button"
>
  <span
    class="material-icons"
  >
    clear
  </span>
</button>
`;
