// Jest Snapshot v1, https://goo.gl/fbAQLP

exports[`<NotFound /> renders <NotFound /> 1`] = `
<section
  class="styles__Container-sc-1e9jyxw-0 btOXqn"
>
  <header
    class="styles__Header-sc-1e9jyxw-1 jetlpJ"
  >
    <h4>
      404 Error â€” Page Not Found
    </h4>
  </header>
  The page no longer exists or the provided link is invalid.
</section>
`;
